(agda2-status-action "")
(agda2-info-action "*Type-checking*" "" nil)
(agda2-highlight-clear)
(agda2-info-action "*Type-checking*" "Checking Error-in-imported-module (Error-in-imported-module.agda). " t)
(agda2-info-action "*Type-checking*" " Checking Error-in-imported-module.M (Error-in-imported-module/M.agda). " t)
(agda2-info-action "*Error*" "Error-in-imported-module/M.agda:4,7-10 Set‚ÇÅ != Set when checking that the expression Set has type Set Error-in-imported-module.agda:3,13-39 Unsolved metas at the following locations: Error-in-imported-module/M.agda:4,1-10 when scope checking the declaration open import Error-in-imported-module.M" nil)
((last . 3) . (agda2-maybe-goto '("Error-in-imported-module.agda" . 52)))
(agda2-highlight-load-and-delete-action)
(agda2-status-action "")
