(agda2-status-action "")
(agda2-info-action "*Type-checking*" "" nil)
(agda2-highlight-clear)
(agda2-info-action "*Type-checking*" "Checking Issue2575 (Issue2575.agda). " t)
(agda2-info-action "*Type-checking*" " Checking Issue2575.M (Issue2575/M.agda). " t)
(agda2-info-action "*Error*" "Issue2575/M.agda:4,5-8 Set₁ != Set when checking that the expression Set has type Set Issue2575.agda:3,8-19 Unsolved metas at the following locations: Issue2575/M.agda:4,1-8 when scope checking the declaration import Issue2575.M" nil)
((last . 3) . (agda2-maybe-goto '("Issue2575.agda" . 32)))
(agda2-highlight-load-and-delete-action)
(agda2-status-action "")
(agda2-status-action "")
(agda2-info-action "*Type-checking*" "" nil)
(agda2-highlight-clear)
(agda2-info-action "*Type-checking*" "Checking Issue2575 (Issue2575.agda). " t)
(agda2-info-action "*Type-checking*" " Checking Issue2575.M (Issue2575/M.agda). " t)
(agda2-info-action "*Error*" "Issue2575/M.agda:4,5-8 Set₁ != Set when checking that the expression Set has type Set Issue2575.agda:3,8-19 Unsolved metas at the following locations: Issue2575/M.agda:4,1-8 when scope checking the declaration import Issue2575.M" nil)
((last . 3) . (agda2-maybe-goto '("Issue2575.agda" . 32)))
(agda2-highlight-load-and-delete-action)
(agda2-status-action "")
