(agda2-status-action "")
(agda2-info-action "*Type-checking*" "" nil)
(agda2-highlight-clear)
(agda2-info-action "*Type-checking*" "Checking Issue2447b (Issue2447b.agda). " t)
(agda2-info-action "*Type-checking*" " Checking Issue2447.Type-error (Issue2447/Type-error.agda). " t)
(agda2-info-action "*Type-checking*" " Checking Issue2447.M (Issue2447/M.agda). " t)
(agda2-info-action "*Type-checking*" " Finished Issue2447.M. " t)
(agda2-info-action "*Error*" "Issue2447/Type-error.agda:6,12-15 Set₁ != Set when checking that the expression Set has type Set Issue2447b.agda:1,8-28 Unsolved metas at the following locations: Issue2447/Type-error.agda:6,1-15 when scope checking the declaration import Issue2447.Type-error" nil)
((last . 3) . (agda2-maybe-goto '("Issue2447b.agda" . 8)))
(agda2-highlight-load-and-delete-action)
(agda2-status-action "")
(agda2-status-action "")
(agda2-info-action "*Type-checking*" "" nil)
(agda2-highlight-clear)
(agda2-info-action "*Type-checking*" "Checking Issue2447b (Issue2447b.agda). " t)
(agda2-info-action "*Type-checking*" " Checking Issue2447.Type-error (Issue2447/Type-error.agda). " t)
(agda2-info-action "*Error*" "Issue2447/Type-error.agda:6,12-15 Set₁ != Set when checking that the expression Set has type Set Issue2447b.agda:1,8-28 Unsolved metas at the following locations: Issue2447/Type-error.agda:6,1-15 when scope checking the declaration import Issue2447.Type-error" nil)
((last . 3) . (agda2-maybe-goto '("Issue2447b.agda" . 8)))
(agda2-highlight-load-and-delete-action)
(agda2-status-action "")
