(agda2-status-action "")
(agda2-info-action "*Type-checking*" "" nil)
(agda2-highlight-clear)
(agda2-info-action "*Type-checking*" "Checking Issue641 (Issue641.agda). " t)
(agda2-info-action "*Type-checking*" "Finished Issue641. " t)
(agda2-status-action "Checked")
(agda2-info-action "*All Done*" "" nil)
((last . 1) . (agda2-goals-action '()))
(agda2-status-action "")
(agda2-info-action "*Type-checking*" "" nil)
(agda2-highlight-clear)
(agda2-info-action "*Type-checking*" "Checking Issue641 (Issue641.agda). " t)
(agda2-status-action "")
(agda2-info-action "*All Goals, Errors*" "_0 : Set [ at Issue641.agda:3,1-10 ] ———— Errors ———————————————————————————————————————————————— Issue641.agda:3,7-10 Set₁ != Set when checking that the expression Set has type Set " nil)
((last . 1) . (agda2-goals-action '()))
