(agda2-status-action "")
(agda2-info-action "*Type-checking*" "" nil)
(agda2-highlight-clear)
(agda2-info-action "*Type-checking*" "Checking Issue2447 (Issue2447.agda). " t)
(agda2-info-action "*Type-checking*" " Checking Issue2447.M (Issue2447/M.agda). " t)
(agda2-info-action "*Type-checking*" " Finished Issue2447.M. " t)
(agda2-status-action "")
(agda2-info-action "*All Goals, Errors*" "_0 : Set [ at Issue2447.agda:4,1-15 ] ———— Errors ———————————————————————————————————————————————— Issue2447.agda:4,12-15 Set₁ != Set when checking that the expression Set has type Set " nil)
((last . 1) . (agda2-goals-action '()))
(agda2-status-action "")
(agda2-info-action "*Type-checking*" "" nil)
(agda2-highlight-clear)
(agda2-info-action "*Type-checking*" "Checking Issue2447 (Issue2447.agda). " t)
(agda2-status-action "")
(agda2-info-action "*All Goals, Errors*" "_0 : Set [ at Issue2447.agda:4,1-15 ] ———— Errors ———————————————————————————————————————————————— Issue2447.agda:4,12-15 Set₁ != Set when checking that the expression Set has type Set " nil)
((last . 1) . (agda2-goals-action '()))
