(agda2-status-action "")
(agda2-info-action "*Type-checking*" "" nil)
(agda2-highlight-clear)
(agda2-info-action "*Type-checking*" "Checking Issue841 (Issue841.agda). " t)
(agda2-status-action "")
(agda2-info-action "*All Goals*" "?0 : D ?1 : D ?2 : D ?3 : D " nil)
((last . 1) . (agda2-goals-action '(0 1 2 3)))
(agda2-give-action 0 "c ?")
(agda2-status-action "")
(agda2-info-action "*All Goals, Errors*" "?1 : D ?2 : D ?3 : D _10 : D [ at 1,1-4 ] ———— Errors ———————————————————————————————————————————————— 1,1-4 Set₁ → D !=< D of type Set₂ when checking that the expression c ? has type D " nil)
((last . 1) . (agda2-goals-action '(4 1 2 3)))
(agda2-give-action 1 "e ? ?")
(agda2-status-action "")
(agda2-info-action "*All Goals, Errors*" "?2 : D ?3 : D _10 : D [ at 1,1-4 ] _11 : D [ at 1,1-6 ] ———— Errors ———————————————————————————————————————————————— 1,1-4 Set₁ → D !=< D of type Set₂ when checking that the expression c ? has type D 1,1-6 Set₂ → Set₃ → D !=< D of type Set₄ when checking that the expression e ? ? has type D " nil)
((last . 1) . (agda2-goals-action '(4 5 6 2 3)))
